warning: 'package': found 3 file(s) which are unhandled; explicitly declare them as resources or exclude from the target
    /private/var/folders/76/c_vq2hmx2dl51b09zfy5r1k00000gn/T/astronomy-model-prototype-o10t4kc0/package/Tests/AstronomyKitTests/Fixtures/IndependentReferences/distance-fixtures.json
    /private/var/folders/76/c_vq2hmx2dl51b09zfy5r1k00000gn/T/astronomy-model-prototype-o10t4kc0/package/Tests/AstronomyKitTests/Fixtures/IndependentReferences/manifest.json
    /private/var/folders/76/c_vq2hmx2dl51b09zfy5r1k00000gn/T/astronomy-model-prototype-o10t4kc0/package/Tests/AstronomyKitTests/Fixtures/IndependentReferences/reference-fixtures.json
Building for production...
[Computing dependencies]
[Pre-planning 1 / 384]
[Planning deferred tasks]
[88 / 177]
[102 / 193] AstronomyPolynomialUranusPrototype
[123 / 201] AstronomyModelPrototypeGenerated
[124 / 201] AstronomyNutationPrototype
[158 / 201]
[165 / 201] AstronomyPolynomialNeptunePrototype
[177 / 201] AstronomyPolynomialEarthPrototype
[192 / 203] AstronomyModelPrototype
[201 / 205] AstronomyModelPrototypeRunner-product
[203 / 205] AstronomyModelPrototypeRunner-product
[204 / 205] AstronomyModelPrototypeRunner-product
Build complete! (4.57 sec)
