warning: 'package': found 3 file(s) which are unhandled; explicitly declare them as resources or exclude from the target
    /private/var/folders/76/c_vq2hmx2dl51b09zfy5r1k00000gn/T/astronomy-model-prototype-o10t4kc0/package/Tests/AstronomyKitTests/Fixtures/IndependentReferences/distance-fixtures.json
    /private/var/folders/76/c_vq2hmx2dl51b09zfy5r1k00000gn/T/astronomy-model-prototype-o10t4kc0/package/Tests/AstronomyKitTests/Fixtures/IndependentReferences/manifest.json
    /private/var/folders/76/c_vq2hmx2dl51b09zfy5r1k00000gn/T/astronomy-model-prototype-o10t4kc0/package/Tests/AstronomyKitTests/Fixtures/IndependentReferences/reference-fixtures.json
Building for debugging...
[Computing dependencies]
[Pre-planning 1 / 384]
[Planning deferred tasks]
[89 / 192]
[101 / 207]
[113 / 294] AstronomyPolynomialNeptunePrototype
[136 / 294] AstronomyPolynomialSaturnPrototype
[163 / 294] AstronomyPolynomialNeptunePrototype
[193 / 294] AstronomyPolynomialMercuryPrototype
[204 / 294] AstronomyPolynomialUranusPrototype
[210 / 294] AstronomyVSOPPrototype
[220 / 294] AstronomyPolynomialNeptunePrototype
[230 / 294] AstronomyPolynomialMercuryPrototype
[236 / 294] AstronomyPolynomialMercuryPrototype
[241 / 294] AstronomyPolynomialMarsPrototype
[246 / 294] AstronomyPolynomialMarsPrototype
[254 / 294] AstronomyPolynomialJupiterPrototype
[260 / 294] AstronomyPolynomialEarthPrototype
[264 / 294] AstronomyPolynomialVenusPrototype
[272 / 295] AstronomyModelPrototype
[286 / 297] AstronomyModelPrototypeRunner-product
[290 / 300] AstronomyPolynomialMercuryPrototype
[294 / 300] AstronomyPolynomialEarthPrototype
[298 / 300] AstronomyModelPrototypeRunner-product
Build complete! (4.88 sec)
