warning: 'package': found 3 file(s) which are unhandled; explicitly declare them as resources or exclude from the target
    /private/var/folders/76/c_vq2hmx2dl51b09zfy5r1k00000gn/T/astronomy-model-prototype-o10t4kc0/package/Tests/AstronomyKitTests/Fixtures/IndependentReferences/distance-fixtures.json
    /private/var/folders/76/c_vq2hmx2dl51b09zfy5r1k00000gn/T/astronomy-model-prototype-o10t4kc0/package/Tests/AstronomyKitTests/Fixtures/IndependentReferences/manifest.json
    /private/var/folders/76/c_vq2hmx2dl51b09zfy5r1k00000gn/T/astronomy-model-prototype-o10t4kc0/package/Tests/AstronomyKitTests/Fixtures/IndependentReferences/reference-fixtures.json
Building for debugging...
[Computing dependencies]
[Pre-planning 1 / 384]
[Planning deferred tasks]
[89 / 192]
[101 / 207]
[113 / 294] AstronomyPolynomialUranusPrototype
[127 / 294] AstronomyPolynomialNeptunePrototype
[128 / 294] AstronomyPolynomialUranusPrototype
[148 / 294] AstronomyPolynomialEarthPrototype
[157 / 294] AstronomyNutationPrototype
[194 / 294] AstronomyPolynomialVenusPrototype
[200 / 294] AstronomyPolynomialUranusPrototype
[205 / 294] AstronomyPolynomialSaturnPrototype
[221 / 294] AstronomyPolynomialNeptunePrototype
[228 / 294] AstronomyPolynomialNeptunePrototype
[235 / 294] AstronomyPolynomialMercuryPrototype
[240 / 294] AstronomyPolynomialMercuryPrototype
[251 / 294] AstronomyPolynomialJupiterPrototype
[259 / 294] AstronomyPolynomialEarthPrototype
[265 / 294] AstronomyPolynomialUranusPrototype
[274 / 295] AstronomyPolynomialMarsPrototype
[285 / 297] AstronomyModelPrototypeRunner-product
[291 / 300] AstronomyModelPrototype
[294 / 300] AstronomyPolynomialEarthPrototype
[298 / 300] AstronomyModelPrototypeRunner-product
Build complete! (5.04 sec)
