warning: 'astronomykit': found 3 file(s) which are unhandled; explicitly declare them as resources or exclude from the target
    /home/runner/work/AstronomyKit/AstronomyKit/Tests/AstronomyKitTests/Fixtures/IndependentReferences/reference-fixtures.json
    /home/runner/work/AstronomyKit/AstronomyKit/Tests/AstronomyKitTests/Fixtures/IndependentReferences/distance-fixtures.json
    /home/runner/work/AstronomyKit/AstronomyKit/Tests/AstronomyKitTests/Fixtures/IndependentReferences/manifest.json
Building for production...
[0/32] Write sources
[18/32] Compiling CLibAstronomy astronomy.c
[18/32] Write swift-version--6DDE17EDADE5ABEB.txt
[21/36] Compiling AstronomyPolynomialVenusPrototype Access.swift
[22/37] Compiling AstronomyPolynomialUranusPrototype Access.swift
[23/37] Compiling AstronomyVSOPPrototype VSOPBits0.swift
[24/39] Compiling AstronomyPolynomialSaturnPrototype Access.swift
[25/40] Compiling AstronomyPolynomialMarsPrototype Access.swift
[26/41] Compiling AstronomyPolynomialNeptunePrototype Access.swift
[27/42] Compiling AstronomyPolynomialJupiterPrototype Access.swift
[28/43] Compiling AstronomyModelPrototypeGenerated Metadata.swift
[29/44] Compiling AstronomyNutationPrototype Nutation.swift
[30/44] Compiling AstronomyPolynomialMercuryPrototype Access.swift
[31/44] Compiling AstronomyPolynomialEarthPrototype Access.swift
[32/45] Compiling AstronomyModelPrototype ModelData.swift
[33/47] Compiling AstronomyModelPrototypeRunner main.swift
[33/47] Write Objects.LinkFileList
[34/47] Linking AstronomyModelPrototypeRunner
[36/47] Compiling AstronomyKit Apsis.swift
[37/50] Compiling AstronomyMigrationPerformanceRunner main.swift
[37/50] Write Objects.LinkFileList
[39/50] Compiling AstronomyModelPrototypeTests ModelDataTests.swift
[39/50] Linking AstronomyMigrationPerformanceRunner
[41/50] Compiling AstronomyMigrationRunner main.swift
[41/50] Write Objects.LinkFileList
[42/50] Linking AstronomyMigrationRunner
[44/50] Compiling AstronomyKitTests AcceptedTimeRangeTests.swift
[44/50] /home/runner/work/AstronomyKit/AstronomyKit/.build/x86_64-unknown-linux-gnu/release/AstronomyKitPackageDiscoveredTests.derived/all-discovered-tests.swift
[45/50] Write sources
[47/51] Compiling AstronomyKitPackageDiscoveredTests AstronomyKitTests.swift
[47/51] /home/runner/work/AstronomyKit/AstronomyKit/.build/x86_64-unknown-linux-gnu/release/AstronomyKitPackageTests.derived/runner.swift
[48/51] Write sources
[50/52] Compiling AstronomyKitPackageTests runner.swift
[50/52] Write Objects.LinkFileList
[51/52] Linking AstronomyKitPackageTests.xctest
Build complete! (90.72s)
Test Suite 'Selected tests' started at 2026-10-02 22:23:20.688
Test Suite 'Selected tests' passed at 2026-10-02 22:23:20.689
	 Executed 0 tests, with 0 failures (0 unexpected) in 0.0 (0.0) seconds
◇ Test run started.
↳ Testing Library Version: 6.2.1 (c9d57c83568b06d)
↳ Target Platform: x86_64-unknown-linux-gnu
◇ Suite "Complete Swift model prototype" started.
◇ Test "Compiled tables retain the frozen whole-model checksum" started.
◇ Test "VSOP term triplets preserve bits across every storage seam" started.
◇ Test "Accessors reject indexes outside generated metadata" started.
◇ Test "Polynomial metadata retains the TT grid bounds" started.
◇ Test "Every frozen table row and disabled segment is present" started.
✔ Test "Polynomial metadata retains the TT grid bounds" passed after 0.001 seconds.
✔ Test "Accessors reject indexes outside generated metadata" passed after 0.001 seconds.
✔ Test "Every frozen table row and disabled segment is present" passed after 0.001 seconds.
✔ Test "VSOP term triplets preserve bits across every storage seam" passed after 0.006 seconds.
✔ Test "Compiled tables retain the frozen whole-model checksum" passed after 0.063 seconds.
✔ Suite "Complete Swift model prototype" passed after 0.063 seconds.
✔ Test run with 5 tests in 1 suite passed after 0.063 seconds.
