	Command being timed: "swift build -c release --product AstronomyModelPrototypeRunner --scratch-path /tmp/astronomy-model-prototype-93qqhd48/package/.build/model-prototype-release"
	User time (seconds): 11.73
	System time (seconds): 1.12
	Percent of CPU this job got: 257%
	Elapsed (wall clock) time (h:mm:ss or m:ss): 0:05.00
	Average shared text size (kbytes): 0
	Average unshared data size (kbytes): 0
	Average stack size (kbytes): 0
	Average total size (kbytes): 0
	Maximum resident set size (kbytes): 247860
	Average resident set size (kbytes): 0
	Major (requiring I/O) page faults: 185
	Minor (reclaiming a frame) page faults: 303372
	Voluntary context switches: 2343
	Involuntary context switches: 2211
	Swaps: 0
	File system inputs: 0
	File system outputs: 66352
	Socket messages sent: 0
	Socket messages received: 0
	Signals delivered: 0
	Page size (bytes): 4096
	Exit status: 0
