	Command being timed: "swift build -c release --product AstronomyModelPrototypeRunner --scratch-path /tmp/astronomy-model-prototype-93qqhd48/package/.build/model-prototype-release"
	User time (seconds): 11.68
	System time (seconds): 1.17
	Percent of CPU this job got: 260%
	Elapsed (wall clock) time (h:mm:ss or m:ss): 0:04.92
	Average shared text size (kbytes): 0
	Average unshared data size (kbytes): 0
	Average stack size (kbytes): 0
	Average total size (kbytes): 0
	Maximum resident set size (kbytes): 241732
	Average resident set size (kbytes): 0
	Major (requiring I/O) page faults: 163
	Minor (reclaiming a frame) page faults: 303398
	Voluntary context switches: 2143
	Involuntary context switches: 1960
	Swaps: 0
	File system inputs: 0
	File system outputs: 66336
	Socket messages sent: 0
	Socket messages received: 0
	Signals delivered: 0
	Page size (bytes): 4096
	Exit status: 0
