	Command being timed: "swift build -c release --product AstronomyModelPrototypeRunner --scratch-path /tmp/astronomy-model-prototype-93qqhd48/package/.build/model-prototype-release"
	User time (seconds): 0.85
	System time (seconds): 0.17
	Percent of CPU this job got: 99%
	Elapsed (wall clock) time (h:mm:ss or m:ss): 0:01.03
	Average shared text size (kbytes): 0
	Average unshared data size (kbytes): 0
	Average stack size (kbytes): 0
	Average total size (kbytes): 0
	Maximum resident set size (kbytes): 143844
	Average resident set size (kbytes): 0
	Major (requiring I/O) page faults: 0
	Minor (reclaiming a frame) page faults: 44550
	Voluntary context switches: 341
	Involuntary context switches: 27
	Swaps: 0
	File system inputs: 0
	File system outputs: 4840
	Socket messages sent: 0
	Socket messages received: 0
	Signals delivered: 0
	Page size (bytes): 4096
	Exit status: 0
