	Command being timed: "swift build -c debug --product AstronomyModelPrototypeRunner --scratch-path /tmp/astronomy-model-prototype-93qqhd48/package/.build/model-prototype-debug"
	User time (seconds): 24.13
	System time (seconds): 3.31
	Percent of CPU this job got: 302%
	Elapsed (wall clock) time (h:mm:ss or m:ss): 0:09.07
	Average shared text size (kbytes): 0
	Average unshared data size (kbytes): 0
	Average stack size (kbytes): 0
	Average total size (kbytes): 0
	Maximum resident set size (kbytes): 277264
	Average resident set size (kbytes): 0
	Major (requiring I/O) page faults: 215
	Minor (reclaiming a frame) page faults: 875287
	Voluntary context switches: 3504
	Involuntary context switches: 9039
	Swaps: 0
	File system inputs: 0
	File system outputs: 79528
	Socket messages sent: 0
	Socket messages received: 0
	Signals delivered: 0
	Page size (bytes): 4096
	Exit status: 0
