	Command being timed: "swift build -c debug --product AstronomyModelPrototypeRunner --scratch-path /tmp/astronomy-model-prototype-93qqhd48/package/.build/model-prototype-debug"
	User time (seconds): 0.65
	System time (seconds): 0.21
	Percent of CPU this job got: 108%
	Elapsed (wall clock) time (h:mm:ss or m:ss): 0:00.79
	Average shared text size (kbytes): 0
	Average unshared data size (kbytes): 0
	Average stack size (kbytes): 0
	Average total size (kbytes): 0
	Maximum resident set size (kbytes): 131024
	Average resident set size (kbytes): 0
	Major (requiring I/O) page faults: 33
	Minor (reclaiming a frame) page faults: 53032
	Voluntary context switches: 638
	Involuntary context switches: 35
	Swaps: 0
	File system inputs: 0
	File system outputs: 5320
	Socket messages sent: 0
	Socket messages received: 0
	Signals delivered: 0
	Page size (bytes): 4096
	Exit status: 0
