0000000000005120 0000000000000001 b completed.0
0000000000002f92 0000000000000002 r __swift_reflection_version
0000000000005110 0000000000000008 d $s20FoundationEssentials15ContiguousBytes_pMD
0000000000005118 0000000000000008 d $s20FoundationEssentials15ContiguousBytes_pSgMD
0000000000005108 0000000000000008 d _ZL14__backtraceRef
0000000000004ce8 0000000000000008 d got.$s20FoundationEssentials15ContiguousBytesMp
0000000000002f94 0000000000000008 r l_entry_point
0000000000002f4e 0000000000000008 r symbolic ______p 20FoundationEssentials15ContiguousBytesP
0000000000002f56 000000000000000a r symbolic ______pSg 20FoundationEssentials15ContiguousBytesP
0000000000002f30 000000000000000d T AstronomyRSSFoundationOnly_main
0000000000002f10 0000000000000012 t $s20FoundationEssentials4DataVyACxcSTRzs5UInt8V7ElementRtzlufc8IteratorQz_SitSwXEfU1_AI_SitSryAEGXEfU_SS8UTF8ViewV_TG5TA
0000000000002e70 000000000000001a t $s20FoundationEssentials4DataV15_RepresentationOSgWOe
0000000000002e90 000000000000001f t $s20FoundationEssentials15ContiguousBytes_pWOb
00000000000002b0 0000000000000020 r __abi_tag
0000000000002ee0 0000000000000022 t __swift_destroy_boxed_opaque_existential_1
0000000000001620 0000000000000026 T _start
0000000000002eb0 0000000000000028 t __swift_project_boxed_opaque_existential_1
0000000000002db0 000000000000002c t $s20FoundationEssentials15ContiguousBytes_pSgWOh
0000000000002d70 0000000000000037 t __swift_instantiateConcreteTypeFromMangledName
0000000000002d30 000000000000003f t $s20FoundationEssentials4DataV15_RepresentationOWOe
0000000000002e30 000000000000003f t $s20FoundationEssentials4DataV15_RepresentationOWOy
0000000000002ce0 0000000000000045 t $sSTsSQ7ElementRpzrlE8containsySbABFSbABXEfU_SaySSG_TG5TA
0000000000002de0 000000000000004b t $s20FoundationEssentials4DataVyACxcSTRzs5UInt8V7ElementRtzlufc8IteratorQz_SitSwXEfU1_SS8UTF8ViewV_TG5TA
0000000000002740 000000000000004e t $sSw17withMemoryRebound2to_q0_xm_q0_SryxGq_YKXEtq_YKs5ErrorR_Ri_zRi_0_r1_lFs5UInt8V_s5NeverOs16IndexingIteratorVySS8UTF8ViewVG_SitTt1g5
0000000000002910 0000000000000053 t $s20FoundationEssentials4DataVyACxcSTRzs5UInt8V7ElementRtzlufc8IteratorQz_SitSwXEfU1_AI_SitSryAEGXEfU_SS8UTF8ViewV_TG5
0000000000002b80 0000000000000073 t $s20FoundationEssentials4DataV11InlineSliceVyAESWcfCTf4nd_n
0000000000002b00 000000000000007e t $s20FoundationEssentials4DataV10LargeSliceVyAESWcfCTf4nd_n
00000000000026a0 0000000000000095 t $s20FoundationEssentials4DataVyACxcSTRzs5UInt8V7ElementRtzlufcAC15_RepresentationOSWXEfU_
0000000000002860 00000000000000a1 t $ss11_StringGutsV27_slowEnsureMatchingEncodingySS5IndexVAEF
00000000000020c0 00000000000000a3 t $sSTsE8contains5whereS2b7ElementQzKXE_tKFSaySSG_Tg5
0000000000002a40 00000000000000be t $s20FoundationEssentials4DataV15_RepresentationO5countAESi_tcfCTf4nd_n
0000000000002970 00000000000000c6 t $s20FoundationEssentials4DataV06InlineC0VyAESWcfCTf4nd_n
0000000000002790 00000000000000cb t $s20FoundationEssentials13__DataStorageC22withUnsafeMutableBytes2in5applyxSnySiG_xSwKXEtKlFs16IndexingIteratorVySS8UTF8ViewVG_Sit_Tg5
0000000000002c00 00000000000000da t $s26AstronomyRSSFoundationOnly010FoundationC6RunnerV4mainyyFZTf4d_n
0000000000002170 00000000000000f0 t $s20FoundationEssentials4DataVyACxcSTRzs5UInt8V7ElementRtzlufcAC15_RepresentationOSRyAEGXEfU0_
0000000000005128 0000000000000110 b _ZN12_GLOBAL__N_18sectionsE
0000000000004fe8 0000000000000118 d _GLOBAL_OFFSET_TABLE_
0000000000001710 0000000000000211 t _ZL23swift_image_constructorv
0000000000004cf0 00000000000002c0 d _DYNAMIC
0000000000002260 000000000000043f t $s20FoundationEssentials4DataV15_RepresentationO22withUnsafeMutableBytesyxxSwKXEKlFs16IndexingIteratorVySS8UTF8ViewVG_Sit_Tg5
0000000000001930 000000000000078b t $s20FoundationEssentials4DataVyACxcSTRzs5UInt8V7ElementRtzlufCSS8UTF8ViewV_Tt0g5
