Building for debugging...
[Planning deferred tasks]
[27 / 65]
[38 / 66] CLibAstronomy
[43 / 70]
[52 / 70] CLibAstronomy
[54 / 71] CLibAstronomy
[58 / 80]
[62 / 80] AstronomyKit
[73 / 126]
[74 / 126]
[76 / 126]
[81 / 126]
[83 / 126]
[84 / 126]
[87 / 126]
[89 / 126]
[91 / 126]
[93 / 126]
[96 / 126]
[97 / 126]
[98 / 126]
[99 / 126]
[109 / 126] AstronomyKit
[119 / 127] SearchResearch-product
[121 / 129] CLibAstronomy
[123 / 129] AstronomyKit
[127 / 129] SearchResearch-product
[128 / 129] SearchResearch-product
Build complete! (11.13 sec)
swift-driver version: 1.168.6 Traceback (most recent call last):
  File "/Users/sessions/conductor/workspaces/AstronomyKit/stuttgart/Scripts/migration/search_callback_corpus.py", line 844, in <module>
    main()
    ~~~~^^
  File "/Users/sessions/conductor/workspaces/AstronomyKit/stuttgart/Scripts/migration/search_callback_corpus.py", line 805, in main
    acquire(binaries, receipt)
    ~~~~~~~^^^^^^^^^^^^^^^^^^^
  File "/Users/sessions/conductor/workspaces/AstronomyKit/stuttgart/Scripts/migration/search_callback_corpus.py", line 589, in acquire
    derived = assessment(runs)
  File "/Users/sessions/conductor/workspaces/AstronomyKit/stuttgart/Scripts/migration/search_callback_corpus.py", line 487, in assessment
    parsed[backend] = validate_run(run, case, model, backend)
                      ~~~~~~~~~~~~^^^^^^^^^^^^^^^^^^^^^^^^^^^
  File "/Users/sessions/conductor/workspaces/AstronomyKit/stuttgart/Scripts/migration/search_callback_corpus.py", line 444, in validate_run
    raise ValueError("unknown public algorithm error")
ValueError: unknown public algorithm error
