Building for debugging...
[Computing dependencies]
[Pre-planning 1 / 384]
[Planning deferred tasks]
[89 / 192]
[100 / 203] AstronomyModelPrototypeGenerated
[102 / 272]
[112 / 272] AstronomyVSOPPrototype
[126 / 294] AstronomyPolynomialUranusPrototype
[157 / 294] AstronomyModelPrototypeGenerated
[170 / 294] AstronomyPolynomialNeptunePrototype
[183 / 294] AstronomyPolynomialVenusPrototype
[203 / 294] AstronomyPolynomialSaturnPrototype
[209 / 294] AstronomyPolynomialSaturnPrototype
[214 / 294] AstronomyVSOPPrototype
[218 / 294] AstronomyPolynomialNeptunePrototype
[225 / 294] AstronomyPolynomialNeptunePrototype
[233 / 294] AstronomyPolynomialMercuryPrototype
[242 / 294] AstronomyPolynomialMarsPrototype
[249 / 294] AstronomyPolynomialJupiterPrototype
[258 / 294] AstronomyPolynomialMarsPrototype
[261 / 294] AstronomyNutationPrototype
[269 / 294]
[276 / 295] AstronomyPolynomialMercuryPrototype
[278 / 295] AstronomyModelPrototype
[288 / 333] AstronomyPolynomialEarthPrototype
[290 / 333]
[295 / 333]
[297 / 333]
[301 / 333]
[303 / 333]
[306 / 333]
[309 / 333]
[311 / 333]
[312 / 333]
[318 / 333] AstronomyModelPrototype
[327 / 334] AstronomySunPilotRunner-product
[329 / 336] AstronomySunPilotRunner-product
[330 / 336] AstronomyModelPrototype
[334 / 336] AstronomySunPilotRunner-product
Build complete! (8.98 sec)
