Building for production...
[Computing dependencies]
[Pre-planning 1 / 384]
[Planning deferred tasks]
[88 / 177]
[102 / 193] AstronomyPolynomialMarsPrototype
[123 / 201] AstronomyNutationPrototype
[124 / 201] AstronomyModelPrototypeGenerated
[136 / 201] AstronomyVSOPPrototype
[165 / 201] AstronomyPolynomialMarsPrototype
[177 / 201] AstronomyPolynomialNeptunePrototype
[177 / 201] AstronomyPolynomialEarthPrototype
[190 / 202] AstronomyModelPrototype
[198 / 235]
[201 / 235]
[204 / 235]
[207 / 235]
[208 / 235]
[211 / 235]
[213 / 235]
[215 / 235]
[217 / 235]
[220 / 235]
[222 / 235]
[223 / 235]
[224 / 235] AstronomyModelPrototype
[231 / 236] AstronomySunPilotRunner-product
[233 / 237] AstronomySunPilotRunner-product
[235 / 237] AstronomySunPilotRunner-product
[236 / 237] AstronomySunPilotRunner-product
Build complete! (8.86 sec)
