Building for production...
[Computing dependencies]
[Pre-planning 1 / 384]
[Planning deferred tasks]
[88 / 177]
[99 / 188] AstronomyModelPrototypeGenerated
[120 / 200] AstronomyPolynomialEarthPrototype
[121 / 201] AstronomyPolynomialMercuryPrototype
[121 / 201] AstronomyNutationPrototype
[135 / 201] AstronomyNutationPrototype
[135 / 201] AstronomyPolynomialUranusPrototype
[141 / 201] AstronomyPolynomialMarsPrototype
[171 / 201] AstronomyPolynomialNeptunePrototype
[177 / 201] AstronomyPolynomialEarthPrototype
[183 / 201] AstronomyPolynomialMercuryPrototype
[190 / 202] AstronomyModelPrototype
[199 / 235]
[204 / 235]
[207 / 235]
[208 / 235]
[212 / 235]
[214 / 235]
[217 / 235]
[220 / 235]
[221 / 235]
[222 / 235]
[223 / 235]
[224 / 235] AstronomyModelPrototype
[231 / 236] AstronomySunPilotRunner-product
[233 / 237] AstronomySunPilotRunner-product
[235 / 237] AstronomySunPilotRunner-product
[236 / 237] AstronomySunPilotRunner-product
Build complete! (9.06 sec)
